// Jest Snapshot v1, https://goo.gl/fbAQLP

exports[`Pruebas del componente <Home/> Comprobar que corra el componente 1`] = `
<div
  className="home"
>
  <Header />
  <section>
    <div
      className="jumbotron jumbotron-fluid py-5"
    >
      <div
        className="container text-center py-5"
      >
        <h1
          className="display-4"
        >
          Bienvenido a Chatty
        </h1>
        <p
          className="lead"
        >
          Un lugar para compartir por medio de un chat con tus amigos
        </p>
        <div
          className="mt-4"
        >
          <Link
            className="btn btn-primary px-5 mr-3"
            to="/signup"
          >
            Crear Nueva Cuenta
          </Link>
          <Link
            className="btn px-5"
            to="/login"
          >
            Login con tu Cuenta
          </Link>
        </div>
      </div>
    </div>
  </section>
  <Footer />
</div>
`;
