// Jest Snapshot v1, https://goo.gl/fbAQLP

exports[`Pruebas del componente <Footer/> Comprobar que corra el componente 1`] = `
<footer
  className="pt-5"
>
  <div
    className="container text-center"
  >
    <p>
      Chatty 2021.
    </p>
  </div>
</footer>
`;
